mode: set
github.com/Youknow2509/go-ecommerce/tests/basic/main.go:3.26,5.2 1 1
